// Jest Snapshot v1, https://goo.gl/fbAQLP

exports[`Home screen renders correctly 1`] = `
<View
  style={
    Object {
      "flex": 1,
      "padding": 8,
    }
  }
>
  <View>
    <TextInput
      onChangeText={[Function]}
      placeholder="common:search"
      style={
        Object {
          "borderColor": "#000000",
          "borderRadius": 12,
          "borderWidth": 1,
          "height": 50,
          "marginBottom": 12,
          "padding": 8,
        }
      }
      value=""
    />
    <RCTScrollView
      getItem={[Function]}
      getItemCount={[Function]}
      keyExtractor={[Function]}
      onContentSizeChange={[Function]}
      onLayout={[Function]}
      onMomentumScrollBegin={[Function]}
      onMomentumScrollEnd={[Function]}
      onRefresh={[Function]}
      onScroll={[Function]}
      onScrollBeginDrag={[Function]}
      onScrollEndDrag={[Function]}
      refreshControl={
        <RefreshControlMock
          onRefresh={[Function]}
          refreshing={false}
        />
      }
      refreshing={false}
      removeClippedSubviews={false}
      renderItem={[Function]}
      scrollEventThrottle={50}
      stickyHeaderIndices={Array []}
      viewabilityConfigCallbackPairs={Array []}
    >
      <RCTRefreshControl />
      <View />
    </RCTScrollView>
  </View>
</View>
`;
